%!Adobe-FontList 1.14
%Locale:0x409

%BeginFont
Handler:DirectoryHandler
FontType:Type1
FontName:Plantin
FamilyName:Plantin
StyleName:Regular
MenuName:Plantin
StyleBits:0
WeightClass:400
WidthClass:5
AngleClass:0
FullName:Plantin
WritingScript:Roman
OutlineFileName:\Plant
DataFormat:POSTResource
UsesStandardEncoding:yes
isCFF:no
FileLength:34373
FileModTime:905868186
DesignSize:-1
%EndFont

%BeginFont
Handler:DirectoryHandler
FontType:Suitcase
FontName:Plantin-Italic
OutlineFileName:\Plantin 1
ResourceID:10987
MacStyle:0
FileLength:43468
FileModTime:905868204
%EndFont

%BeginFont
Handler:DirectoryHandler
FontType:Suitcase
FontName:Plantin-BoldItalic
OutlineFileName:\Plantin 1
ResourceID:10987
MacStyle:1
FileLength:43468
FileModTime:905868204
%EndFont

%BeginFont
Handler:DirectoryHandler
FontType:Suitcase
FontName:Plantin-BoldItalic
OutlineFileName:\Plantin 1
ResourceID:10985
MacStyle:0
FileLength:43468
FileModTime:905868204
%EndFont

%BeginFont
Handler:DirectoryHandler
FontType:Suitcase
FontName:Plantin-Bold
OutlineFileName:\Plantin 1
ResourceID:10986
MacStyle:0
FileLength:43468
FileModTime:905868204
%EndFont

%BeginFont
Handler:DirectoryHandler
FontType:Suitcase
FontName:Plantin-BoldItalic
OutlineFileName:\Plantin 1
ResourceID:10986
MacStyle:2
FileLength:43468
FileModTime:905868204
%EndFont

%BeginFont
Handler:DirectoryHandler
FontType:Suitcase
FontName:Plantin
OutlineFileName:\Plantin 1
ResourceID:10988
MacStyle:0
FileLength:43468
FileModTime:905868204
%EndFont

%BeginFont
Handler:DirectoryHandler
FontType:Suitcase
FontName:Plantin-Bold
OutlineFileName:\Plantin 1
ResourceID:10988
MacStyle:1
FileLength:43468
FileModTime:905868204
%EndFont

%BeginFont
Handler:DirectoryHandler
FontType:Suitcase
FontName:Plantin-Italic
OutlineFileName:\Plantin 1
ResourceID:10988
MacStyle:2
FileLength:43468
FileModTime:905868204
%EndFont

%BeginFont
Handler:DirectoryHandler
FontType:Suitcase
FontName:Plantin-BoldItalic
OutlineFileName:\Plantin 1
ResourceID:10988
MacStyle:3
FileLength:43468
FileModTime:905868204
%EndFont

%BeginFont
Handler:DirectoryHandler
FontType:Type1
FontName:Union-Regular
FamilyName:Union
StyleName:Regular
MenuName:Union
StyleBits:0
WeightClass:400
WidthClass:5
AngleClass:0
FullName:Union Regular
WritingScript:Roman
OutlineFileName:\union_regular.otf
DataFormat:sfntData
UsesStandardEncoding:yes
isCFF:yes
FileLength:46580
FileModTime:1264452472
%EndFont

